==> Restaurando respaldo: /backups/estacionamiento_20260924_110900.dump
==> Restaurando en 'estacionamiento_restore' (proceso: TRUNCATE + re-create)
pg_restore: connecting to database for restore
pg_restore: creating SCHEMA "auditoria"
pg_restore: creating COMMENT "SCHEMA auditoria"
pg_restore: creating SCHEMA "parking"
pg_restore: creating COMMENT "SCHEMA parking"
pg_restore: creating FUNCTION "auditoria.fn_auditar()"
pg_restore: creating FUNCTION "parking.fn_duracion_minutos(timestamp with time zone, timestamp with time zone)"
pg_restore: creating FUNCTION "parking.fn_estancia_periodo()"
pg_restore: creating TABLE "parking.tarifa"
pg_restore: creating COMMENT "parking.TABLE tarifa"
pg_restore: creating COMMENT "parking.COLUMN tarifa.precio_minuto"
pg_restore: creating FUNCTION "parking.fn_tarifa_vigente(smallint, date)"
pg_restore: creating FUNCTION "parking.proceder_cierre_mensual(date, text)"
pg_restore: creating FUNCTION "parking.registrar_entrada(text, timestamp with time zone)"
pg_restore: creating FUNCTION "parking.registrar_salida(bigint, timestamp with time zone)"
pg_restore: creating FUNCTION "parking.zona_negocio()"
pg_restore: creating TABLE "auditoria.auditoria"
pg_restore: creating COMMENT "auditoria.TABLE auditoria"
pg_restore: creating SEQUENCE "auditoria.auditoria_id_seq"
pg_restore: creating SEQUENCE OWNED BY "auditoria.auditoria_id_seq"
pg_restore: creating TABLE "parking.cargo"
pg_restore: creating COMMENT "parking.TABLE cargo"
pg_restore: creating SEQUENCE "parking.cargo_id_seq"
pg_restore: creating SEQUENCE OWNED BY "parking.cargo_id_seq"
pg_restore: creating TABLE "parking.cierre_mensual"
pg_restore: creating COMMENT "parking.TABLE cierre_mensual"
pg_restore: creating SEQUENCE "parking.cierre_mensual_id_seq"
pg_restore: creating SEQUENCE OWNED BY "parking.cierre_mensual_id_seq"
pg_restore: creating TABLE "parking.cierre_residente"
pg_restore: creating COMMENT "parking.TABLE cierre_residente"
pg_restore: creating SEQUENCE "parking.cierre_residente_id_seq"
pg_restore: creating SEQUENCE OWNED BY "parking.cierre_residente_id_seq"
pg_restore: creating TABLE "parking.estancia"
pg_restore: creating COMMENT "parking.TABLE estancia"
pg_restore: creating COMMENT "parking.COLUMN estancia.periodo"
pg_restore: creating COMMENT "parking.COLUMN estancia.duracion_minutos"
pg_restore: creating COMMENT "parking.COLUMN estancia.cargo"
pg_restore: creating SEQUENCE "parking.estancia_id_seq"
pg_restore: creating SEQUENCE OWNED BY "parking.estancia_id_seq"
pg_restore: creating TABLE "parking.pago"
pg_restore: creating COMMENT "parking.TABLE pago"
pg_restore: creating SEQUENCE "parking.pago_id_seq"
pg_restore: creating SEQUENCE OWNED BY "parking.pago_id_seq"
pg_restore: creating TABLE "parking.residente"
pg_restore: creating COMMENT "parking.TABLE residente"
pg_restore: creating SEQUENCE "parking.residente_id_seq"
pg_restore: creating SEQUENCE OWNED BY "parking.residente_id_seq"
pg_restore: creating SEQUENCE "parking.tarifa_id_seq"
pg_restore: creating SEQUENCE OWNED BY "parking.tarifa_id_seq"
pg_restore: creating TABLE "parking.tipo_vehiculo"
pg_restore: creating COMMENT "parking.TABLE tipo_vehiculo"
pg_restore: creating COMMENT "parking.COLUMN tipo_vehiculo.cobra_por_estancia"
pg_restore: creating COMMENT "parking.COLUMN tipo_vehiculo.requiere_residente"
pg_restore: creating SEQUENCE "parking.tipo_vehiculo_id_seq"
pg_restore: creating SEQUENCE OWNED BY "parking.tipo_vehiculo_id_seq"
pg_restore: creating TABLE "parking.vehiculo"
pg_restore: creating COMMENT "parking.TABLE vehiculo"
pg_restore: creating SEQUENCE "parking.vehiculo_id_seq"
pg_restore: creating SEQUENCE OWNED BY "parking.vehiculo_id_seq"
pg_restore: creating VIEW "parking.vw_residente_reportes"
pg_restore: creating COMMENT "parking.VIEW vw_residente_reportes"
pg_restore: creating DEFAULT "auditoria.auditoria id"
pg_restore: creating DEFAULT "parking.cargo id"
pg_restore: creating DEFAULT "parking.cierre_mensual id"
pg_restore: creating DEFAULT "parking.cierre_residente id"
pg_restore: creating DEFAULT "parking.estancia id"
pg_restore: creating DEFAULT "parking.pago id"
pg_restore: creating DEFAULT "parking.residente id"
pg_restore: creating DEFAULT "parking.tarifa id"
pg_restore: creating DEFAULT "parking.tipo_vehiculo id"
pg_restore: creating DEFAULT "parking.vehiculo id"
pg_restore: executing SEQUENCE SET auditoria_id_seq
pg_restore: executing SEQUENCE SET cargo_id_seq
pg_restore: executing SEQUENCE SET cierre_mensual_id_seq
pg_restore: executing SEQUENCE SET cierre_residente_id_seq
pg_restore: executing SEQUENCE SET estancia_id_seq
pg_restore: executing SEQUENCE SET pago_id_seq
pg_restore: executing SEQUENCE SET residente_id_seq
pg_restore: executing SEQUENCE SET tarifa_id_seq
pg_restore: executing SEQUENCE SET tipo_vehiculo_id_seq
pg_restore: executing SEQUENCE SET vehiculo_id_seq
pg_restore: creating CONSTRAINT "auditoria.auditoria auditoria_pkey"
pg_restore: creating CONSTRAINT "parking.cargo cargo_pkey"
pg_restore: creating CONSTRAINT "parking.cierre_mensual cierre_mensual_periodo_key"
pg_restore: creating CONSTRAINT "parking.cierre_mensual cierre_mensual_pkey"
pg_restore: creating CONSTRAINT "parking.cierre_residente cierre_residente_pkey"
pg_restore: creating CONSTRAINT "parking.estancia estancia_pkey"
pg_restore: creating CONSTRAINT "parking.pago pago_pkey"
pg_restore: creating CONSTRAINT "parking.residente residente_pkey"
pg_restore: creating CONSTRAINT "parking.tarifa tarifa_pkey"
pg_restore: creating CONSTRAINT "parking.tipo_vehiculo tipo_vehiculo_codigo_key"
pg_restore: creating CONSTRAINT "parking.tipo_vehiculo tipo_vehiculo_pkey"
pg_restore: creating CONSTRAINT "parking.cierre_residente uq_cierre_residente"
pg_restore: creating CONSTRAINT "parking.pago uq_pago_referencia"
pg_restore: creating CONSTRAINT "parking.tarifa uq_tarifa_tipo_nombre"
pg_restore: creating CONSTRAINT "parking.vehiculo uq_vehiculo_placa"
pg_restore: creating CONSTRAINT "parking.vehiculo vehiculo_pkey"
pg_restore: creating INDEX "auditoria.ix_auditoria_registro"
pg_restore: creating INDEX "auditoria.ix_auditoria_tabla_momento"
pg_restore: creating INDEX "auditoria.ix_auditoria_tabla_operacion_momento"
pg_restore: creating INDEX "parking.ix_cargo_cierre_residente"
pg_restore: creating INDEX "parking.ix_cargo_estancia"
pg_restore: creating INDEX "parking.ix_cargo_residente"
pg_restore: creating INDEX "parking.ix_estancia_abierta_entrada"
pg_restore: creating INDEX "parking.ix_estancia_entrada"
pg_restore: creating INDEX "parking.ix_estancia_periodo_cerrada_cov"
pg_restore: creating INDEX "parking.ix_estancia_periodo_vehiculo"
pg_restore: creating INDEX "parking.ix_estancia_salida_cerrada"
pg_restore: creating INDEX "parking.ix_estancia_tarifa"
pg_restore: creating INDEX "parking.ix_estancia_vehiculo"
pg_restore: creating INDEX "parking.ix_estancia_vehiculo_periodo_cov"
pg_restore: creating INDEX "parking.ix_estancia_vehiculo_salida"
pg_restore: creating INDEX "parking.ix_pago_cargo"
pg_restore: creating INDEX "parking.ix_residente_vehiculo"
pg_restore: creating INDEX "parking.ix_tarifa_tipo_activa"
pg_restore: creating INDEX "parking.ix_vehiculo_tipo"
pg_restore: creating INDEX "parking.uq_estancia_abierta_por_vehiculo"
pg_restore: creating INDEX "parking.uq_residente_vehiculo_activo"
pg_restore: creating TRIGGER "parking.cargo trg_auditaria_cargo"
pg_restore: creating TRIGGER "parking.cierre_mensual trg_auditaria_cierre_mensual"
pg_restore: creating TRIGGER "parking.cierre_residente trg_auditaria_cierre_residente"
pg_restore: creating TRIGGER "parking.estancia trg_auditaria_estancia"
pg_restore: creating TRIGGER "parking.pago trg_auditaria_pago"
pg_restore: creating TRIGGER "parking.residente trg_auditaria_residente"
pg_restore: creating TRIGGER "parking.tarifa trg_auditaria_tarifa"
pg_restore: creating TRIGGER "parking.tipo_vehiculo trg_auditaria_tipo_vehiculo"
pg_restore: creating TRIGGER "parking.vehiculo trg_auditaria_vehiculo"
pg_restore: creating TRIGGER "parking.estancia trg_estancia_periodo"
pg_restore: creating FK CONSTRAINT "parking.cargo cargo_cierre_residente_id_fkey"
pg_restore: creating FK CONSTRAINT "parking.cargo cargo_estancia_id_fkey"
pg_restore: creating FK CONSTRAINT "parking.cargo cargo_residente_id_fkey"
pg_restore: creating FK CONSTRAINT "parking.cierre_residente cierre_residente_cierre_mensual_id_fkey"
pg_restore: creating FK CONSTRAINT "parking.cierre_residente cierre_residente_residente_id_fkey"
pg_restore: creating FK CONSTRAINT "parking.estancia estancia_tarifa_id_fkey"
pg_restore: creating FK CONSTRAINT "parking.estancia estancia_vehiculo_id_fkey"
pg_restore: creating FK CONSTRAINT "parking.estancia fk_estancia_cierre"
pg_restore: creating FK CONSTRAINT "parking.pago pago_cargo_id_fkey"
pg_restore: creating FK CONSTRAINT "parking.residente residente_vehiculo_id_fkey"
pg_restore: creating FK CONSTRAINT "parking.tarifa tarifa_tipo_vehiculo_id_fkey"
pg_restore: creating FK CONSTRAINT "parking.vehiculo vehiculo_tipo_vehiculo_id_fkey"
pg_restore: creating ACL "SCHEMA auditoria"
pg_restore: creating ACL "SCHEMA parking"
pg_restore: creating ACL "auditoria.FUNCTION fn_auditar()"
pg_restore: creating ACL "parking.FUNCTION fn_duracion_minutos(p_entrada timestamp with time zone, p_salida timestamp with time zone)"
pg_restore: creating ACL "parking.FUNCTION fn_estancia_periodo()"
pg_restore: creating ACL "parking.TABLE tarifa"
pg_restore: creating ACL "parking.FUNCTION fn_tarifa_vigente(p_tipo_vehiculo_id smallint, p_fecha date)"
pg_restore: creating ACL "parking.FUNCTION proceder_cierre_mensual(p_periodo date, p_ejecutado_por text)"
pg_restore: creating ACL "parking.FUNCTION registrar_entrada(p_placa text, p_entrada timestamp with time zone)"
pg_restore: creating ACL "parking.FUNCTION registrar_salida(p_estancia_id bigint, p_salida timestamp with time zone)"
pg_restore: creating ACL "parking.FUNCTION zona_negocio()"
pg_restore: creating ACL "auditoria.TABLE auditoria"
pg_restore: creating ACL "auditoria.SEQUENCE auditoria_id_seq"
pg_restore: creating ACL "parking.TABLE cargo"
pg_restore: creating ACL "parking.SEQUENCE cargo_id_seq"
pg_restore: creating ACL "parking.TABLE cierre_mensual"
pg_restore: creating ACL "parking.SEQUENCE cierre_mensual_id_seq"
pg_restore: creating ACL "parking.TABLE cierre_residente"
pg_restore: creating ACL "parking.SEQUENCE cierre_residente_id_seq"
pg_restore: creating ACL "parking.TABLE estancia"
pg_restore: creating ACL "parking.SEQUENCE estancia_id_seq"
pg_restore: creating ACL "parking.TABLE pago"
pg_restore: creating ACL "parking.SEQUENCE pago_id_seq"
pg_restore: creating ACL "parking.TABLE residente"
pg_restore: creating ACL "parking.SEQUENCE residente_id_seq"
pg_restore: creating ACL "parking.SEQUENCE tarifa_id_seq"
pg_restore: creating ACL "parking.TABLE tipo_vehiculo"
pg_restore: creating ACL "parking.SEQUENCE tipo_vehiculo_id_seq"
pg_restore: creating ACL "parking.TABLE vehiculo"
pg_restore: creating ACL "parking.SEQUENCE vehiculo_id_seq"
pg_restore: creating ACL "parking.TABLE vw_residente_reportes"
pg_restore: creating DEFAULT ACL "auditoria.DEFAULT PRIVILEGES FOR SEQUENCES"
pg_restore: creating DEFAULT ACL "auditoria.DEFAULT PRIVILEGES FOR FUNCTIONS"
pg_restore: creating DEFAULT ACL "auditoria.DEFAULT PRIVILEGES FOR TABLES"
pg_restore: creating DEFAULT ACL "parking.DEFAULT PRIVILEGES FOR SEQUENCES"
pg_restore: creating DEFAULT ACL "parking.DEFAULT PRIVILEGES FOR FUNCTIONS"
pg_restore: creating DEFAULT ACL "parking.DEFAULT PRIVILEGES FOR TABLES"
==> Restauración LÓGICA completada
    Base: estacionamiento_restore
==> PITR: ver instrucciones en docs/backup-recovery.md
    (variable RESTORE_TARGET_TIME = <no definido>)

--- conteos origen vs restaurada ---
  SELECT count(*) FROM parking.estancia => orig=3000093 resto=3000093
  SELECT count(*) FROM parking.vehiculo => orig=60015 resto=60015
  SELECT count(*) FROM parking.residente => orig=18004 resto=18004
  SELECT count(*) FROM parking.cierre_mensual => orig=1 resto=1
  SELECT count(*) FROM parking.cargo => orig=16 resto=16
  SELECT count(*) FROM parking.cierre_residente => orig=3 resto=3
  SELECT count(*) FROM auditoria.auditoria => orig=78118 resto=78118

