SET
CREATE SCHEMA
CREATE SCHEMA
COMMENT
COMMENT
CREATE TABLE
COMMENT
COMMENT
COMMENT
CREATE TABLE
COMMENT
COMMENT
CREATE TABLE
COMMENT
CREATE TABLE
COMMENT
CREATE INDEX
CREATE TABLE
COMMENT
COMMENT
COMMENT
COMMENT
CREATE INDEX
CREATE TABLE
COMMENT
CREATE TABLE
COMMENT
ALTER TABLE
CREATE TABLE
COMMENT
CREATE TABLE
COMMENT
CREATE TABLE
COMMENT
CREATE FUNCTION
CREATE FUNCTION
CREATE FUNCTION
CREATE FUNCTION
CREATE FUNCTION
CREATE FUNCTION
CREATE FUNCTION
CREATE TRIGGER
CREATE TRIGGER
CREATE TRIGGER
CREATE TRIGGER
CREATE TRIGGER
CREATE TRIGGER
CREATE TRIGGER
CREATE TRIGGER
CREATE TRIGGER
CREATE TRIGGER
CREATE INDEX
CREATE INDEX
CREATE INDEX
CREATE INDEX
CREATE INDEX
CREATE INDEX
CREATE INDEX
CREATE INDEX
CREATE INDEX
CREATE INDEX
CREATE INDEX
CREATE INDEX
CREATE INDEX
CREATE INDEX
DO
